// Jest Snapshot v1, https://goo.gl/fbAQLP

exports[`Make sure \`Resgister\` looks same as before. 1`] = `
<div>
  <div
    class="css-5m2jzx-HeaderSpace"
  >
    <div
      class="css-f0zbmj"
    >
      <div
        class="css-1ji8ini"
      >
        ACM Homepage
      </div>
      <label
        class="css-f5kwef"
      >
        <svg
          class="css-phcl6x-NickNameInput"
          fill="none"
          height="24"
          stroke="currentColor"
          stroke-linecap="round"
          stroke-linejoin="round"
          stroke-width="2"
          viewBox="0 0 24 24"
          width="24"
          xmlns="http://www.w3.org/2000/svg"
        >
          <path
            d="M20 21v-2a4 4 0 00-4-4H8a4 4 0 00-4 4v2"
          />
          <circle
            cx="12"
            cy="7"
            r="4"
          />
        </svg>
        <input
          class="css-1y8h48x-NickNameInput"
          placeholder="Nickname"
          value=""
        />
      </label>
      <label
        class="css-f5kwef"
      >
        <svg
          class="css-tzl219-EmailInput"
          fill="none"
          height="24"
          stroke="currentColor"
          stroke-linecap="round"
          stroke-linejoin="round"
          stroke-width="2"
          viewBox="0 0 24 24"
          width="24"
          xmlns="http://www.w3.org/2000/svg"
        >
          <path
            d="M4 4h16c1.1 0 2 .9 2 2v12c0 1.1-.9 2-2 2H4c-1.1 0-2-.9-2-2V6c0-1.1.9-2 2-2z"
          />
          <polyline
            points="22,6 12,13 2,6"
          />
        </svg>
        <input
          class="css-23obw9-EmailInput"
          placeholder="Email"
          value=""
        />
      </label>
      <label
        class="css-f5kwef"
      >
        <svg
          class="css-mahqe2-PasswordInput"
          fill="none"
          height="24"
          stroke="currentColor"
          stroke-linecap="round"
          stroke-linejoin="round"
          stroke-width="2"
          viewBox="0 0 24 24"
          width="24"
          xmlns="http://www.w3.org/2000/svg"
        >
          <rect
            height="11"
            rx="2"
            ry="2"
            width="18"
            x="3"
            y="11"
          />
          <path
            d="M7 11V7a5 5 0 0110 0v4"
          />
        </svg>
        <input
          class="css-ew39hz-PasswordInput"
          placeholder="Password"
          value=""
        />
        <svg
          class="css-1gd8vyt-PasswordInput"
          fill="none"
          height="24"
          stroke="currentColor"
          stroke-linecap="round"
          stroke-linejoin="round"
          stroke-width="2"
          viewBox="0 0 24 24"
          width="24"
          xmlns="http://www.w3.org/2000/svg"
        >
          <path
            d="M1 12s4-8 11-8 11 8 11 8-4 8-11 8-11-8-11-8z"
          />
          <circle
            cx="12"
            cy="12"
            r="3"
          />
        </svg>
      </label>
      <button
        class="css-yo3zwe"
      >
        Register
      </button>
    </div>
    <div
      class="css-10ij95f"
    >
      Already have an account? Try to 
      <a
        href="/signin"
      >
        sign in
      </a>
      .
    </div>
  </div>
</div>
`;
